<html>
<body>
<pre>
<h1>µVision Build Log</h1>
<h2>Project:</h2>
D:\HB_F4_Drv2\RT_threadNewBoard\Xj\RT-Thread_NewBoard-LCD2-Jiance-8\bsp\stm32f407vgt6_RecDrv\project.uvproj
Project File Date:  01/22/2013

<h2>Output:</h2>
Build target 'rt-thread_stm32f4xx'
compiling application.c...
compiling startup.c...
compiling App_moduleConfig.c...
compiling board.c...
compiling stm32f4xx_it.c...
compiling vuart.c...
compiling system_stm32f4xx.c...
compiling misc.c...
compiling stm32f4xx_adc.c...
compiling stm32f4xx_can.c...
compiling stm32f4xx_crc.c...
compiling stm32f4xx_cryp.c...
compiling stm32f4xx_cryp_aes.c...
compiling stm32f4xx_cryp_des.c...
compiling stm32f4xx_cryp_tdes.c...
compiling stm32f4xx_dac.c...
compiling stm32f4xx_dbgmcu.c...
compiling stm32f4xx_dcmi.c...
compiling stm32f4xx_dma.c...
compiling stm32f4xx_exti.c...
compiling stm32f4xx_flash.c...
compiling stm32f4xx_fsmc.c...
compiling stm32f4xx_gpio.c...
compiling stm32f4xx_hash.c...
compiling stm32f4xx_hash_md5.c...
compiling stm32f4xx_hash_sha1.c...
compiling stm32f4xx_i2c.c...
compiling stm32f4xx_iwdg.c...
compiling stm32f4xx_pwr.c...
compiling stm32f4xx_rcc.c...
compiling stm32f4xx_rng.c...
compiling stm32f4xx_rtc.c...
compiling stm32f4xx_sdio.c...
compiling stm32f4xx_spi.c...
compiling stm32f4xx_syscfg.c...
compiling stm32f4xx_tim.c...
compiling stm32f4xx_usart.c...
compiling stm32f4xx_wwdg.c...
assembling startup_stm32f4xx.s...
compiling clock.c...
compiling device.c...
compiling idle.c...
compiling ipc.c...
compiling irq.c...
compiling kservice.c...
compiling mem.c...
compiling memheap.c...
compiling mempool.c...
compiling object.c...
compiling scheduler.c...
compiling thread.c...
compiling timer.c...
compiling cpuport.c...
assembling context_rvds.S...
compiling backtrace.c...
compiling div0.c...
compiling showmem.c...
compiling cmd.c...
..\..\components\finsh\cmd.c(625): warning: C3017W: min_length may be used before being set
compiling finsh_compiler.c...
compiling finsh_error.c...
compiling finsh_heap.c...
error - can't create command input file '.\build\finsh_init.__i'
Target not created
Build target 'rt-thread_stm32f4xx'
compiling stm32f4xx_rcc.c...
compiling finsh_init.c...
compiling finsh_node.c...
compiling finsh_ops.c...
compiling finsh_parser.c...
compiling finsh_token.c...
compiling finsh_var.c...
compiling finsh_vm.c...
compiling shell.c...
compiling symbol.c...
compiling gps.c...
app_712\gps\gps.c(909): warning:  #513-D: a value of type "void *" cannot be assigned to an entity of type "void (*)(void *)"
app_712\gps\gps.c(954): warning:  #167-D: argument of type "rt_uint8_t *" is incompatible with parameter of type "char *restrict"
app_712\gps\gps.c(894): warning:  #550-D: variable "resultcode" was set but never used
app_712\gps\gps.c(1015): warning:  #513-D: a value of type "void *" cannot be assigned to an entity of type "void (*)(void *)"
app_712\gps\gps.c(1069): warning:  #167-D: argument of type "rt_uint8_t *" is incompatible with parameter of type "char *restrict"
app_712\gps\gps.c(1139): warning:  #167-D: argument of type "rt_uint8_t *" is incompatible with parameter of type "char *restrict"
app_712\gps\gps.c(1304): warning:  #167-D: argument of type "rt_uint8_t *" is incompatible with parameter of type "char *restrict"
app_712\gps\gps.c(999): warning:  #550-D: variable "size" was set but never used
app_712\gps\gps.c(1356): warning:  #940-D: missing return statement at end of non-void function "gps_upgrade"
app_712\gps\gps.c(1333): warning:  #177-D: variable "buad" was declared but never referenced
app_712\gps\gps.c(1381): warning:  #167-D: argument of type "u8 *" is incompatible with parameter of type "const char *"
app_712\gps\gps.c(36): warning:  #177-D: variable "gps_out_mode" was declared but never referenced
app_712\gps\gps.c(869): warning:  #177-D: function "cleanup" was declared but never referenced
compiling App_gsm.c...
app_712\gsm\App_gsm.c(38): warning:  #177-D: variable "msgq_gsm" was declared but never referenced
app_712\gsm\App_gsm.c(44): warning:  #550-D: variable "gsm_rx_app_infoStruct" was set but never used
compiling Device_gsm.c...
app_712\gsm\Device_gsm.c(179): warning:  #167-D: argument of type "u8 *" is incompatible with parameter of type "const char *restrict"
app_712\gsm\Device_gsm.c(237): warning:  #167-D: argument of type "u8 *" is incompatible with parameter of type "char *restrict"
app_712\gsm\Device_gsm.c(293): warning:  #167-D: argument of type "u8 *" is incompatible with parameter of type "const char *restrict"
app_712\gsm\Device_gsm.c(446): warning:  #167-D: argument of type "u8 *" is incompatible with parameter of type "char *restrict"
app_712\gsm\Device_gsm.c(447): warning:  #167-D: argument of type "u8 *" is incompatible with parameter of type "const char *"
app_712\gsm\Device_gsm.c(504): warning:  #167-D: argument of type "u8 *" is incompatible with parameter of type "const char *"
app_712\gsm\Device_gsm.c(575): warning:  #167-D: argument of type "u8 *" is incompatible with parameter of type "const char *restrict"
app_712\gsm\Device_gsm.c(734): warning:  #177-D: variable "len" was declared but never referenced
app_712\gsm\Device_gsm.c(805): warning:  #177-D: variable "ch" was declared but never referenced
app_712\gsm\Device_gsm.c(946): warning:  #167-D: argument of type "u8 *" is incompatible with parameter of type "const char *restrict"
app_712\gsm\Device_gsm.c(951): warning:  #167-D: argument of type "u8 *" is incompatible with parameter of type "const char *restrict"
app_712\gsm\Device_gsm.c(1326): warning:  #177-D: variable "i" was declared but never referenced
compiling Device_485.c...
app_712\U4_485\Device_485.c(159): warning:  #167-D: argument of type "u8 *" is incompatible with parameter of type "char *restrict"
app_712\U4_485\Device_485.c(160): warning:  #167-D: argument of type "u8 *" is incompatible with parameter of type "const char *"
app_712\U4_485\Device_485.c(161): warning:  #167-D: argument of type "u8 *" is incompatible with parameter of type "const char *"
app_712\U4_485\Device_485.c(164): warning:  #167-D: argument of type "u8 *" is incompatible with parameter of type "char *restrict"
app_712\U4_485\Device_485.c(165): warning:  #167-D: argument of type "u8 *" is incompatible with parameter of type "const char *"
app_712\U4_485\Device_485.c(166): warning:  #167-D: argument of type "u8 *" is incompatible with parameter of type "const char *"
app_712\U4_485\Device_485.c(168): warning:  #167-D: argument of type "u8 *" is incompatible with parameter of type "char *restrict"
app_712\U4_485\Device_485.c(169): warning:  #167-D: argument of type "u8 *" is incompatible with parameter of type "const char *"
app_712\U4_485\Device_485.c(170): warning:  #167-D: argument of type "u8 *" is incompatible with parameter of type "const char *"
app_712\U4_485\Device_485.c(174): warning:  #167-D: argument of type "u8 *" is incompatible with parameter of type "char *restrict"
app_712\U4_485\Device_485.c(174): warning:  #225-D: the format string ends before this argument
app_712\U4_485\Device_485.c(175): warning:  #167-D: argument of type "u8 *" is incompatible with parameter of type "const char *"
app_712\U4_485\Device_485.c(176): warning:  #167-D: argument of type "u8 *" is incompatible with parameter of type "const char *"
app_712\U4_485\Device_485.c(940): warning:  #177-D: variable "res" was declared but never referenced
app_712\U4_485\Device_485.c(941): warning:  #177-D: variable "rec_485" was declared but never referenced
app_712\U4_485\Device_485.c(942): warning:  #177-D: variable "rec_info" was declared but never referenced
compiling App_485.c...
app_712\U4_485\App_485.c(286): warning:  #177-D: variable "len" was declared but never referenced
compiling app_808.c...
app_712\protocol_808\app_808.c(415): warning:  #223-D: function "USB_Disk_RunStatus" declared implicitly
app_712\protocol_808\app_808.c(426): warning:  #223-D: function "USB_DeviceFind" declared implicitly
app_712\protocol_808\app_808.c(491): warning:  #177-D: variable "AppMsgQ_struct" was declared but never referenced
app_712\protocol_808\app_808.c(492): warning:  #177-D: variable "MsgQ_gsmCome" was declared but never referenced
app_712\protocol_808\app_808.c(45): warning:  #177-D: variable "OneSec_cout" was declared but never referenced
compiling Device_808.c...
app_712\protocol_808\Device_808.c(692): warning:  #117-D: non-void function "Api_Config_read" should return a value
compiling protocol_808.c...
app_712\protocol_808\protocol_808.c(54): warning:  #69-D: integer conversion resulted in truncation
app_712\protocol_808\protocol_808.c(4067): warning:  #223-D: function "gps_write" declared implicitly
app_712\protocol_808\protocol_808.c(4278): warning:  #177-D: variable "i" was declared but never referenced
app_712\protocol_808\protocol_808.c(4278): warning:  #177-D: variable "DF_PageAddr" was declared but never referenced
app_712\protocol_808\protocol_808.c(4283): warning:  #177-D: variable "FCS_RX_UDP_sub" was declared but never referenced
app_712\protocol_808\protocol_808.c(4332): warning:  #177-D: variable "DF_PageAddr" was declared but never referenced
app_712\protocol_808\protocol_808.c(4668): warning:  #177-D: variable "i" was declared but never referenced
app_712\protocol_808\protocol_808.c(7624): warning:  #550-D: variable "Line4_Resualt" was set but never used
app_712\protocol_808\protocol_808.c(7624): warning:  #550-D: variable "Line5_Resualt" was set but never used
app_712\protocol_808\protocol_808.c(7630): warning:  #550-D: variable "DeltaA1" was set but never used
app_712\protocol_808\protocol_808.c(7630): warning:  #550-D: variable "DeltaA2" was set but never used
app_712\protocol_808\protocol_808.c(7630): warning:  #550-D: variable "DeltaO1" was set but never used
app_712\protocol_808\protocol_808.c(7630): warning:  #550-D: variable "DeltaO2" was set but never used
compiling Sys_config.c...
app_712\protocol_808\Sys_config.c(231): warning:  #167-D: argument of type "u8 *" is incompatible with parameter of type "const char *"
app_712\protocol_808\Sys_config.c(234): warning:  #167-D: argument of type "u8 *" is incompatible with parameter of type "const char *"
app_712\protocol_808\Sys_config.c(237): warning:  #167-D: argument of type "u8 *" is incompatible with parameter of type "const char *"
app_712\protocol_808\Sys_config.c(1259): warning:  #550-D: variable "res" was set but never used
app_712\protocol_808\Sys_config.c(1260): warning:  #177-D: variable "Reg_buf" was declared but never referenced
app_712\protocol_808\Sys_config.c(1261): warning:  #177-D: variable "i" was declared but never referenced
compiling app_hmi.c...
compiling rtc.c...
app_712\rtc\rtc.c(157): warning:  #117-D: non-void function "rt_hw_rtc_init" should return a value
compiling SST25VF.c...
compiling DF_Function.c...
compiling DF_Oper.c...
compiling Flash_Oper.c...
compiling usb_bsp.c...
compiling usbh.c...
drivers\usb\usbh.c(44): warning:  #177-D: variable "ret" was declared but never referenced
drivers\usb\usbh.c(95): warning:  #177-D: variable "tid" was declared but never referenced
compiling usbh_usr.c...
drivers\usb\usbh_usr.c(503): warning:  #940-D: missing return statement at end of non-void function "msc_control"
drivers\usb\usbh_usr.c(545): warning:  #177-D: variable "res" was declared but never referenced
compiling dfs.c...
error - can't create command input file '.\build\dfs_file.__i'
Target not created
Build target 'rt-thread_stm32f4xx'
compiling stm32f4xx_sdio.c...
compiling dfs_file.c...
compiling dfs_fs.c...
compiling dfs_posix.c...
compiling dfs_elm.c...
compiling ff.c...
compiling dfs_romfs.c...
compiling romfs.c...
compiling usbh_core.c...
compiling usbh_hcs.c...
compiling usbh_ioreq.c...
compiling usbh_stdreq.c...
compiling usbh_msc_bot.c...
compiling usbh_msc_core.c...
compiling usb_core.c...
compiling usb_hcd_int.c...
compiling usb_hcd.c...
compiling usbh_msc_scsi.c...
compiling spi_sd.c...
drivers\spi_TF\spi_sd.c(820): warning:  #117-D: non-void function "rt_sdcard_open_1" should return a value
drivers\spi_TF\spi_sd.c(856): warning:  #177-D: variable "status" was declared but never referenced
drivers\spi_TF\spi_sd.c(857): warning:  #177-D: variable "sector" was declared but never referenced
drivers\spi_TF\spi_sd.c(797): warning:  #177-D: function "rt_sdcard_open_1" was declared but never referenced
drivers\spi_TF\spi_sd.c(332): warning: C3017W: i may be used before being set
compiling Device_printer.c...
app_712\printer\Device_printer.c(338): warning:  #177-D: function "printer_save_param" was declared but never referenced
app_712\printer\Device_printer.c(470): warning: C3017W: addr may be used before being set
compiling ringbuffer.c...
compiling Device_CAN.c...
compiling Device_CAN2.c...
compiling mma8451.c...
app_712\shakesensor\mma8451.c(598): warning: C3017W: res may be used before being set
compiling bmp.c...
compiling lcd.c...
compiling Menu_0_0_password.c...
compiling Menu_0_1_License.c...
compiling Menu_0_2_CarType.c...
compiling Menu_0_3_Colour.c...
compiling Menu_0_loggingin.c...
compiling Menu_1_Idle.c...
app_712\lcd\Menu_1_Idle.c(184): warning:  #186-D: pointless comparison of unsigned integer with zero
app_712\lcd\Menu_1_Idle.c(208): warning:  #186-D: pointless comparison of unsigned integer with zero
compiling Menu_2_1_Status8.c...
compiling Menu_2_2_Speed15.c...
compiling Menu_2_3_CentreTextStor.c...
compiling Menu_2_4_CarInfor.c...
compiling Menu_2_5_DriverInfor.c...
compiling Menu_2_6_Mileage.c...
compiling Menu_2_7_RequestProgram.c...
compiling Menu_2_8_DnsIpDisplay.c...
compiling Menu_2_InforCheck.c...
compiling Menu_3_1_CentreQuesSend.c...
compiling Menu_3_2_FullorEmpty.c...
compiling Menu_3_3_ElectronicInfor.c...
compiling Menu_3_4_Multimedia.c...
compiling Menu_3_5_MultimediaTrans.c...
compiling Menu_3_6_Record.c...
compiling Menu_3_7_Affair.c...
compiling Menu_3_8_LogOut.c...
compiling Menu_3_InforInteract.c...
compiling Menu_4_1_pilao.c...
compiling Menu_4_2_chaosu.c...
compiling Menu_4_InforTirExspd.c...
compiling Menu_5_1_TelDis.c...
compiling Menu_5_2_TelAtd.c...
compiling menu_5_3_bdupgrad.c...
compiling Menu_5_4_BDColdBoot.c...
compiling Menu_5_5_Can.c...
compiling Menu_5_6_Concuss.c...
compiling Menu_5_7_Version.c...
compiling Menu_5_8_usb.c...
compiling Menu_5_other.c...
compiling Menu_6_RemoteUpdata.c...
compiling Menu_7_CentreTextDisplay.c...
compiling Menu_Include.c...
compiling SED1520.c...
app_712\lcd\SED1520.c(788): warning: C3017W: addr may be used before being set
linking...
Program Size: Code=168428 RO-data=9120 RW-data=4864 ZI-data=84176  
User command #1: fromelf --bin --output=.\build\rt_stm32f4_drv.bin .\build\rt_stm32f4_drv.axf
".\build\rt_stm32f4_drv.axf" - 0 Error(s), 11 Warning(s).
Build target 'rt-thread_stm32f4xx'
compiling vuart.c...
linking...
Program Size: Code=168428 RO-data=9120 RW-data=4864 ZI-data=84176  
User command #1: fromelf --bin --output=.\build\rt_stm32f4_drv.bin .\build\rt_stm32f4_drv.axf
".\build\rt_stm32f4_drv.axf" - 0 Error(s), 0 Warning(s).
Load "D:\\HB_F4_Drv2\\RT_threadNewBoard\\Xj\\RT-Thread_NewBoard-LCD2-Jiance-8\\bsp\\stm32f407vgt6_RecDrv\\build\\rt_stm32f4_drv.AXF" 
* JLink Info: Device "STM32F407VG" selected (1024 KB flash, 128 KB RAM).
Set JLink Project File to "D:\HB_F4_Drv2\RT_threadNewBoard\Xj\RT-Thread_NewBoard-LCD2-Jiance-8\bsp\stm32f407vgt6_RecDrv\JLinkSettings.ini"
 
JLink info:
------------
DLL: V4.40c, compiled Jan 24 2012 09:30:33
Firmware: J-Link ARM V8 compiled Dec  6 2011 18:57:44
Hardware: V8.00
Feature(s) : RDI,FlashDL,FlashBP,JFlash,GDBFull 
 
* JLink Info: Found SWD-DP with ID 0x2BA01477
* JLink Info: TPIU fitted.
* JLink Info: ETM fitted.
* JLink Info:   FPUnit: 6 code (BP) slots and 2 literal slots
* JLink Info: Found Cortex-M4 r0p1, Little endian.
ROMTableAddr = 0xE00FF003
* JLink Info: Found SWD-DP with ID 0x2BA01477
* JLink Info: TPIU fitted.
* JLink Info: ETM fitted.
* JLink Info:   FPUnit: 6 code (BP) slots and 2 literal slots
* JLink Info: Found Cortex-M4 r0p1, Little endian.
 
Target info:
------------
Device: STM32F407VG
VTarget = 3.332V
State of Pins: 
TCK: 0, TDI: 0, TDO: 1, TMS: 0, TRES: 1, TRST: 0
Hardware-Breakpoints: 6
Software-Breakpoints: 8192
Watchpoints:          4
JTAG speed: 4000 kHz
 
Erase Done.
Programming Done.
Verify OK.
* JLink Info: Found SWD-DP with ID 0x2BA01477
* JLink Info: TPIU fitted.
* JLink Info: ETM fitted.
* JLink Info:   FPUnit: 6 code (BP) slots and 2 literal slots
* JLink Info: Found Cortex-M4 r0p1, Little endian.
Application running ...
